
> mission-control@2.0.1 typecheck C:\mission-control
> pnpm run verify:node && tsc --noEmit


> mission-control@2.0.1 verify:node C:\mission-control
> node scripts/check-node-version.mjs

